// Vitest Snapshot v1, https://vitest.dev/guide/snapshot.html

exports[`AuthStack > matches snapshot 1`] = `
{
  "Outputs": {
    "UserPoolArn": {
      "Value": {
        "Fn::GetAtt": [
          "CloisUserPool67237A8D",
          "Arn",
        ],
      },
    },
    "UserPoolClientId": {
      "Value": {
        "Ref": "CloisUserPoolCloisSpaClient42D1FCDB",
      },
    },
    "UserPoolId": {
      "Value": {
        "Ref": "CloisUserPool67237A8D",
      },
    },
  },
  "Parameters": {
    "BootstrapVersion": {
      "Default": "/cdk-bootstrap/hnb659fds/version",
      "Description": "Version of the CDK Bootstrap resources in this environment, automatically retrieved from SSM Parameter Store. [cdk:skip]",
      "Type": "AWS::SSM::Parameter::Value<String>",
    },
  },
  "Resources": {
    "CloisUserPool67237A8D": {
      "DeletionPolicy": "Retain",
      "Properties": {
        "AccountRecoverySetting": {
          "RecoveryMechanisms": [
            {
              "Name": "verified_email",
              "Priority": 1,
            },
          ],
        },
        "AdminCreateUserConfig": {
          "AllowAdminCreateUserOnly": false,
        },
        "AutoVerifiedAttributes": [
          "email",
        ],
        "EnabledMfas": [
          "SOFTWARE_TOKEN_MFA",
        ],
        "MfaConfiguration": "OPTIONAL",
        "Policies": {
          "PasswordPolicy": {
            "MinimumLength": 12,
            "RequireLowercase": true,
            "RequireNumbers": true,
            "RequireSymbols": true,
            "RequireUppercase": true,
            "TemporaryPasswordValidityDays": 1,
          },
        },
        "Schema": [
          {
            "AttributeDataType": "String",
            "Mutable": true,
            "Name": "memberId",
            "StringAttributeConstraints": {
              "MaxLength": "128",
              "MinLength": "1",
            },
          },
          {
            "AttributeDataType": "String",
            "Mutable": true,
            "Name": "orgRoles",
            "StringAttributeConstraints": {
              "MaxLength": "2048",
              "MinLength": "0",
            },
          },
        ],
        "SmsVerificationMessage": "The verification code to your new account is {####}",
        "UserAttributeUpdateSettings": {
          "AttributesRequireVerificationBeforeUpdate": [
            "email",
          ],
        },
        "UserPoolName": "clois-user-pool",
        "UsernameAttributes": [
          "email",
        ],
        "VerificationMessageTemplate": {
          "DefaultEmailOption": "CONFIRM_WITH_LINK",
          "EmailMessageByLink": "Thank you for registering with CLOIS. Please verify your email address by clicking this link: {##Verify Email##}",
          "EmailSubjectByLink": "Verify your CLOIS account email",
          "SmsMessage": "The verification code to your new account is {####}",
        },
      },
      "Type": "AWS::Cognito::UserPool",
      "UpdateReplacePolicy": "Retain",
    },
    "CloisUserPoolCloisSpaClient42D1FCDB": {
      "Properties": {
        "AccessTokenValidity": 60,
        "AllowedOAuthFlows": [
          "implicit",
          "code",
        ],
        "AllowedOAuthFlowsUserPoolClient": true,
        "AllowedOAuthScopes": [
          "profile",
          "phone",
          "email",
          "openid",
          "aws.cognito.signin.user.admin",
        ],
        "CallbackURLs": [
          "https://example.com",
        ],
        "ClientName": "clois-spa-client",
        "ExplicitAuthFlows": [
          "ALLOW_USER_PASSWORD_AUTH",
          "ALLOW_CUSTOM_AUTH",
          "ALLOW_USER_SRP_AUTH",
          "ALLOW_REFRESH_TOKEN_AUTH",
        ],
        "GenerateSecret": false,
        "IdTokenValidity": 60,
        "PreventUserExistenceErrors": "ENABLED",
        "ReadAttributes": [
          "custom:memberId",
          "custom:orgRoles",
          "email",
          "email_verified",
        ],
        "RefreshTokenValidity": 43200,
        "SupportedIdentityProviders": [
          "COGNITO",
        ],
        "TokenValidityUnits": {
          "AccessToken": "minutes",
          "IdToken": "minutes",
          "RefreshToken": "minutes",
        },
        "UserPoolId": {
          "Ref": "CloisUserPool67237A8D",
        },
        "WriteAttributes": [
          "custom:memberId",
          "custom:orgRoles",
          "email",
        ],
      },
      "Type": "AWS::Cognito::UserPoolClient",
    },
  },
  "Rules": {
    "CheckBootstrapVersion": {
      "Assertions": [
        {
          "Assert": {
            "Fn::Not": [
              {
                "Fn::Contains": [
                  [
                    "1",
                    "2",
                    "3",
                    "4",
                    "5",
                  ],
                  {
                    "Ref": "BootstrapVersion",
                  },
                ],
              },
            ],
          },
          "AssertDescription": "CDK bootstrap stack version 6 required. Please run 'cdk bootstrap' with a recent version of the CDK CLI.",
        },
      ],
    },
  },
}
`;
