// Vitest Snapshot v1, https://vitest.dev/guide/snapshot.html

exports[`CdnStack > matches snapshot 1`] = `
{
  "Outputs": {
    "DistributionDomainName": {
      "Value": {
        "Fn::GetAtt": [
          "CloisDistributionE0D4AD39",
          "DomainName",
        ],
      },
    },
    "DistributionId": {
      "Value": {
        "Ref": "CloisDistributionE0D4AD39",
      },
    },
  },
  "Parameters": {
    "BootstrapVersion": {
      "Default": "/cdk-bootstrap/hnb659fds/version",
      "Description": "Version of the CDK Bootstrap resources in this environment, automatically retrieved from SSM Parameter Store. [cdk:skip]",
      "Type": "AWS::SSM::Parameter::Value<String>",
    },
  },
  "Resources": {
    "CloisDistributionE0D4AD39": {
      "Properties": {
        "DistributionConfig": {
          "Comment": "CLOIS React SPA CDN",
          "CustomErrorResponses": [
            {
              "ErrorCachingMinTTL": 0,
              "ErrorCode": 403,
              "ResponseCode": 200,
              "ResponsePagePath": "/index.html",
            },
            {
              "ErrorCachingMinTTL": 0,
              "ErrorCode": 404,
              "ResponseCode": 200,
              "ResponsePagePath": "/index.html",
            },
          ],
          "DefaultCacheBehavior": {
            "AllowedMethods": [
              "GET",
              "HEAD",
              "OPTIONS",
            ],
            "CachePolicyId": "658327ea-f89d-4fab-a63d-7e88639e58f6",
            "Compress": true,
            "TargetOriginId": "TestCdnStackCloisDistributionOrigin1A04E9E02",
            "ViewerProtocolPolicy": "redirect-to-https",
          },
          "DefaultRootObject": "index.html",
          "Enabled": true,
          "HttpVersion": "http2",
          "IPV6Enabled": true,
          "Origins": [
            {
              "DomainName": {
                "Fn::ImportValue": "TestStorageStack:ExportsOutputFnGetAttFrontendBucketEFE2E19CRegionalDomainName2E4000DF",
              },
              "Id": "TestCdnStackCloisDistributionOrigin1A04E9E02",
              "S3OriginConfig": {
                "OriginAccessIdentity": {
                  "Fn::Join": [
                    "",
                    [
                      "origin-access-identity/cloudfront/",
                      {
                        "Fn::ImportValue": "TestStorageStack:ExportsOutputRefTestCdnStackCloisDistributionOrigin1A04E9E02S3OriginEC70FA8B4ECC62A9",
                      },
                    ],
                  ],
                },
              },
            },
          ],
          "PriceClass": "PriceClass_100",
        },
      },
      "Type": "AWS::CloudFront::Distribution",
    },
  },
  "Rules": {
    "CheckBootstrapVersion": {
      "Assertions": [
        {
          "Assert": {
            "Fn::Not": [
              {
                "Fn::Contains": [
                  [
                    "1",
                    "2",
                    "3",
                    "4",
                    "5",
                  ],
                  {
                    "Ref": "BootstrapVersion",
                  },
                ],
              },
            ],
          },
          "AssertDescription": "CDK bootstrap stack version 6 required. Please run 'cdk bootstrap' with a recent version of the CDK CLI.",
        },
      ],
    },
  },
}
`;
