// Vitest Snapshot v1, https://vitest.dev/guide/snapshot.html

exports[`DatabaseStack > matches snapshot 1`] = `
{
  "Outputs": {
    "AuditLogTableName": {
      "Value": {
        "Ref": "AuditLogTable8B03E3C8",
      },
    },
    "MainTableName": {
      "Value": {
        "Ref": "MainTable74195DAB",
      },
    },
    "WsConnectionsTableName": {
      "Value": {
        "Ref": "WsConnectionsTable9E1AC3EB",
      },
    },
  },
  "Parameters": {
    "BootstrapVersion": {
      "Default": "/cdk-bootstrap/hnb659fds/version",
      "Description": "Version of the CDK Bootstrap resources in this environment, automatically retrieved from SSM Parameter Store. [cdk:skip]",
      "Type": "AWS::SSM::Parameter::Value<String>",
    },
  },
  "Resources": {
    "AuditLogResourcePolicy": {
      "Properties": {
        "PolicyDocument": {
          "Statement": [
            {
              "Action": [
                "dynamodb:DeleteItem",
                "dynamodb:UpdateItem",
              ],
              "Condition": {
                "StringNotLike": {
                  "aws:PrincipalArn": [
                    "arn:aws:iam::123456789012:role/cdk-*",
                    "arn:aws:iam::123456789012:role/aws-service-role/*",
                  ],
                },
              },
              "Effect": "Deny",
              "Principal": {
                "AWS": "*",
              },
              "Resource": {
                "Fn::GetAtt": [
                  "AuditLogTable8B03E3C8",
                  "Arn",
                ],
              },
              "Sid": "DenyMutationOnAuditLog",
            },
          ],
          "Version": "2012-10-17",
        },
        "ResourceArn": {
          "Fn::GetAtt": [
            "AuditLogTable8B03E3C8",
            "Arn",
          ],
        },
      },
      "Type": "AWS::DynamoDB::ResourcePolicy",
    },
    "AuditLogTable8B03E3C8": {
      "DeletionPolicy": "Retain",
      "Properties": {
        "AttributeDefinitions": [
          {
            "AttributeName": "PK",
            "AttributeType": "S",
          },
          {
            "AttributeName": "SK",
            "AttributeType": "S",
          },
          {
            "AttributeName": "GSI1PK",
            "AttributeType": "S",
          },
          {
            "AttributeName": "GSI1SK",
            "AttributeType": "S",
          },
          {
            "AttributeName": "GSI2PK",
            "AttributeType": "S",
          },
          {
            "AttributeName": "GSI2SK",
            "AttributeType": "S",
          },
        ],
        "BillingMode": "PAY_PER_REQUEST",
        "GlobalSecondaryIndexes": [
          {
            "IndexName": "GSI1",
            "KeySchema": [
              {
                "AttributeName": "GSI1PK",
                "KeyType": "HASH",
              },
              {
                "AttributeName": "GSI1SK",
                "KeyType": "RANGE",
              },
            ],
            "Projection": {
              "ProjectionType": "ALL",
            },
          },
          {
            "IndexName": "GSI2",
            "KeySchema": [
              {
                "AttributeName": "GSI2PK",
                "KeyType": "HASH",
              },
              {
                "AttributeName": "GSI2SK",
                "KeyType": "RANGE",
              },
            ],
            "Projection": {
              "ProjectionType": "ALL",
            },
          },
        ],
        "KeySchema": [
          {
            "AttributeName": "PK",
            "KeyType": "HASH",
          },
          {
            "AttributeName": "SK",
            "KeyType": "RANGE",
          },
        ],
        "PointInTimeRecoverySpecification": {
          "PointInTimeRecoveryEnabled": true,
        },
        "TableName": "clois-audit-log",
      },
      "Type": "AWS::DynamoDB::Table",
      "UpdateReplacePolicy": "Retain",
    },
    "MainTable74195DAB": {
      "DeletionPolicy": "Retain",
      "Properties": {
        "AttributeDefinitions": [
          {
            "AttributeName": "PK",
            "AttributeType": "S",
          },
          {
            "AttributeName": "SK",
            "AttributeType": "S",
          },
          {
            "AttributeName": "GSI1PK",
            "AttributeType": "S",
          },
          {
            "AttributeName": "GSI1SK",
            "AttributeType": "S",
          },
          {
            "AttributeName": "GSI2PK",
            "AttributeType": "S",
          },
          {
            "AttributeName": "GSI2SK",
            "AttributeType": "S",
          },
          {
            "AttributeName": "GSI3PK",
            "AttributeType": "S",
          },
          {
            "AttributeName": "GSI3SK",
            "AttributeType": "S",
          },
          {
            "AttributeName": "GSI4PK",
            "AttributeType": "S",
          },
          {
            "AttributeName": "GSI4SK",
            "AttributeType": "S",
          },
        ],
        "BillingMode": "PAY_PER_REQUEST",
        "GlobalSecondaryIndexes": [
          {
            "IndexName": "GSI1",
            "KeySchema": [
              {
                "AttributeName": "GSI1PK",
                "KeyType": "HASH",
              },
              {
                "AttributeName": "GSI1SK",
                "KeyType": "RANGE",
              },
            ],
            "Projection": {
              "ProjectionType": "ALL",
            },
          },
          {
            "IndexName": "GSI2",
            "KeySchema": [
              {
                "AttributeName": "GSI2PK",
                "KeyType": "HASH",
              },
              {
                "AttributeName": "GSI2SK",
                "KeyType": "RANGE",
              },
            ],
            "Projection": {
              "ProjectionType": "ALL",
            },
          },
          {
            "IndexName": "GSI3",
            "KeySchema": [
              {
                "AttributeName": "GSI3PK",
                "KeyType": "HASH",
              },
              {
                "AttributeName": "GSI3SK",
                "KeyType": "RANGE",
              },
            ],
            "Projection": {
              "ProjectionType": "ALL",
            },
          },
          {
            "IndexName": "GSI4",
            "KeySchema": [
              {
                "AttributeName": "GSI4PK",
                "KeyType": "HASH",
              },
              {
                "AttributeName": "GSI4SK",
                "KeyType": "RANGE",
              },
            ],
            "Projection": {
              "ProjectionType": "ALL",
            },
          },
        ],
        "KeySchema": [
          {
            "AttributeName": "PK",
            "KeyType": "HASH",
          },
          {
            "AttributeName": "SK",
            "KeyType": "RANGE",
          },
        ],
        "PointInTimeRecoverySpecification": {
          "PointInTimeRecoveryEnabled": true,
        },
        "TableName": "clois-main",
      },
      "Type": "AWS::DynamoDB::Table",
      "UpdateReplacePolicy": "Retain",
    },
    "WsConnectionsTable9E1AC3EB": {
      "DeletionPolicy": "Delete",
      "Properties": {
        "AttributeDefinitions": [
          {
            "AttributeName": "connectionId",
            "AttributeType": "S",
          },
          {
            "AttributeName": "SK",
            "AttributeType": "S",
          },
          {
            "AttributeName": "memberId",
            "AttributeType": "S",
          },
        ],
        "BillingMode": "PAY_PER_REQUEST",
        "GlobalSecondaryIndexes": [
          {
            "IndexName": "memberId-index",
            "KeySchema": [
              {
                "AttributeName": "memberId",
                "KeyType": "HASH",
              },
            ],
            "Projection": {
              "ProjectionType": "ALL",
            },
          },
        ],
        "KeySchema": [
          {
            "AttributeName": "connectionId",
            "KeyType": "HASH",
          },
          {
            "AttributeName": "SK",
            "KeyType": "RANGE",
          },
        ],
        "TableName": "clois-ws-connections",
        "TimeToLiveSpecification": {
          "AttributeName": "TTL",
          "Enabled": true,
        },
      },
      "Type": "AWS::DynamoDB::Table",
      "UpdateReplacePolicy": "Delete",
    },
  },
  "Rules": {
    "CheckBootstrapVersion": {
      "Assertions": [
        {
          "Assert": {
            "Fn::Not": [
              {
                "Fn::Contains": [
                  [
                    "1",
                    "2",
                    "3",
                    "4",
                    "5",
                  ],
                  {
                    "Ref": "BootstrapVersion",
                  },
                ],
              },
            ],
          },
          "AssertDescription": "CDK bootstrap stack version 6 required. Please run 'cdk bootstrap' with a recent version of the CDK CLI.",
        },
      ],
    },
  },
}
`;
