// Vitest Snapshot v1, https://vitest.dev/guide/snapshot.html

exports[`MessagingStack > matches snapshot 1`] = `
{
  "Outputs": {
    "AiRequestQueueUrl": {
      "Value": {
        "Ref": "AiRequestQueue70DCA4F6",
      },
    },
    "EmailTopicArn": {
      "Value": {
        "Ref": "EmailTopic3164B1A3",
      },
    },
    "NotificationQueueUrl": {
      "Value": {
        "Ref": "NotificationQueue36610CC1",
      },
    },
    "ReportQueueUrl": {
      "Value": {
        "Ref": "ReportQueueEBFFFAE8",
      },
    },
  },
  "Parameters": {
    "BootstrapVersion": {
      "Default": "/cdk-bootstrap/hnb659fds/version",
      "Description": "Version of the CDK Bootstrap resources in this environment, automatically retrieved from SSM Parameter Store. [cdk:skip]",
      "Type": "AWS::SSM::Parameter::Value<String>",
    },
  },
  "Resources": {
    "AiRequestDlqAlarm3B64546B": {
      "Properties": {
        "AlarmDescription": "Messages have landed in the AI request DLQ",
        "AlarmName": "clois-ai-request-dlq-depth",
        "ComparisonOperator": "GreaterThanThreshold",
        "Dimensions": [
          {
            "Name": "QueueName",
            "Value": {
              "Fn::GetAtt": [
                "AiRequestDlqF5A95207",
                "QueueName",
              ],
            },
          },
        ],
        "EvaluationPeriods": 1,
        "MetricName": "ApproximateNumberOfMessagesVisible",
        "Namespace": "AWS/SQS",
        "Period": 60,
        "Statistic": "Maximum",
        "Threshold": 0,
        "TreatMissingData": "notBreaching",
      },
      "Type": "AWS::CloudWatch::Alarm",
    },
    "AiRequestDlqF5A95207": {
      "DeletionPolicy": "Delete",
      "Properties": {
        "MessageRetentionPeriod": 1209600,
        "QueueName": "ai-request-dlq",
        "SqsManagedSseEnabled": true,
      },
      "Type": "AWS::SQS::Queue",
      "UpdateReplacePolicy": "Delete",
    },
    "AiRequestQueue70DCA4F6": {
      "DeletionPolicy": "Delete",
      "Properties": {
        "MessageRetentionPeriod": 345600,
        "QueueName": "ai-request-queue",
        "RedrivePolicy": {
          "deadLetterTargetArn": {
            "Fn::GetAtt": [
              "AiRequestDlqF5A95207",
              "Arn",
            ],
          },
          "maxReceiveCount": 3,
        },
        "SqsManagedSseEnabled": true,
        "VisibilityTimeout": 300,
      },
      "Type": "AWS::SQS::Queue",
      "UpdateReplacePolicy": "Delete",
    },
    "EmailTopic3164B1A3": {
      "Properties": {
        "DisplayName": "CLOIS Email Dispatch",
        "TopicName": "clois-email-topic",
      },
      "Type": "AWS::SNS::Topic",
    },
    "EmailTopicnoreplycloisexamplecom7266D388": {
      "Properties": {
        "Endpoint": "noreply@clois.example.com",
        "Protocol": "email",
        "TopicArn": {
          "Ref": "EmailTopic3164B1A3",
        },
      },
      "Type": "AWS::SNS::Subscription",
    },
    "NotificationDlq467FCAE6": {
      "DeletionPolicy": "Delete",
      "Properties": {
        "MessageRetentionPeriod": 1209600,
        "QueueName": "notification-dlq",
        "SqsManagedSseEnabled": true,
      },
      "Type": "AWS::SQS::Queue",
      "UpdateReplacePolicy": "Delete",
    },
    "NotificationDlqAlarmEF175D8A": {
      "Properties": {
        "AlarmDescription": "Messages have landed in the notification DLQ",
        "AlarmName": "clois-notification-dlq-depth",
        "ComparisonOperator": "GreaterThanThreshold",
        "Dimensions": [
          {
            "Name": "QueueName",
            "Value": {
              "Fn::GetAtt": [
                "NotificationDlq467FCAE6",
                "QueueName",
              ],
            },
          },
        ],
        "EvaluationPeriods": 1,
        "MetricName": "ApproximateNumberOfMessagesVisible",
        "Namespace": "AWS/SQS",
        "Period": 60,
        "Statistic": "Maximum",
        "Threshold": 0,
        "TreatMissingData": "notBreaching",
      },
      "Type": "AWS::CloudWatch::Alarm",
    },
    "NotificationQueue36610CC1": {
      "DeletionPolicy": "Delete",
      "Properties": {
        "MessageRetentionPeriod": 345600,
        "QueueName": "notification-queue",
        "RedrivePolicy": {
          "deadLetterTargetArn": {
            "Fn::GetAtt": [
              "NotificationDlq467FCAE6",
              "Arn",
            ],
          },
          "maxReceiveCount": 3,
        },
        "SqsManagedSseEnabled": true,
        "VisibilityTimeout": 300,
      },
      "Type": "AWS::SQS::Queue",
      "UpdateReplacePolicy": "Delete",
    },
    "ReportDlqA33CA7F9": {
      "DeletionPolicy": "Delete",
      "Properties": {
        "MessageRetentionPeriod": 1209600,
        "QueueName": "report-dlq",
        "SqsManagedSseEnabled": true,
      },
      "Type": "AWS::SQS::Queue",
      "UpdateReplacePolicy": "Delete",
    },
    "ReportDlqAlarm72790974": {
      "Properties": {
        "AlarmDescription": "Messages have landed in the report DLQ",
        "AlarmName": "clois-report-dlq-depth",
        "ComparisonOperator": "GreaterThanThreshold",
        "Dimensions": [
          {
            "Name": "QueueName",
            "Value": {
              "Fn::GetAtt": [
                "ReportDlqA33CA7F9",
                "QueueName",
              ],
            },
          },
        ],
        "EvaluationPeriods": 1,
        "MetricName": "ApproximateNumberOfMessagesVisible",
        "Namespace": "AWS/SQS",
        "Period": 60,
        "Statistic": "Maximum",
        "Threshold": 0,
        "TreatMissingData": "notBreaching",
      },
      "Type": "AWS::CloudWatch::Alarm",
    },
    "ReportQueueEBFFFAE8": {
      "DeletionPolicy": "Delete",
      "Properties": {
        "MessageRetentionPeriod": 345600,
        "QueueName": "report-queue",
        "RedrivePolicy": {
          "deadLetterTargetArn": {
            "Fn::GetAtt": [
              "ReportDlqA33CA7F9",
              "Arn",
            ],
          },
          "maxReceiveCount": 3,
        },
        "SqsManagedSseEnabled": true,
        "VisibilityTimeout": 900,
      },
      "Type": "AWS::SQS::Queue",
      "UpdateReplacePolicy": "Delete",
    },
    "SesEmailIdentity7B3E04D2": {
      "Properties": {
        "EmailIdentity": "noreply@clois.example.com",
      },
      "Type": "AWS::SES::EmailIdentity",
    },
  },
  "Rules": {
    "CheckBootstrapVersion": {
      "Assertions": [
        {
          "Assert": {
            "Fn::Not": [
              {
                "Fn::Contains": [
                  [
                    "1",
                    "2",
                    "3",
                    "4",
                    "5",
                  ],
                  {
                    "Ref": "BootstrapVersion",
                  },
                ],
              },
            ],
          },
          "AssertDescription": "CDK bootstrap stack version 6 required. Please run 'cdk bootstrap' with a recent version of the CDK CLI.",
        },
      ],
    },
  },
}
`;
