// Vitest Snapshot v1, https://vitest.dev/guide/snapshot.html

exports[`StorageStack > matches snapshot 1`] = `
{
  "Outputs": {
    "AssetsBucketName": {
      "Value": {
        "Ref": "AssetsBucket5CB76180",
      },
    },
    "FrontendBucketName": {
      "Value": {
        "Ref": "FrontendBucketEFE2E19C",
      },
    },
  },
  "Parameters": {
    "BootstrapVersion": {
      "Default": "/cdk-bootstrap/hnb659fds/version",
      "Description": "Version of the CDK Bootstrap resources in this environment, automatically retrieved from SSM Parameter Store. [cdk:skip]",
      "Type": "AWS::SSM::Parameter::Value<String>",
    },
  },
  "Resources": {
    "AssetsBucket5CB76180": {
      "DeletionPolicy": "Retain",
      "Properties": {
        "BucketEncryption": {
          "ServerSideEncryptionConfiguration": [
            {
              "ServerSideEncryptionByDefault": {
                "SSEAlgorithm": "AES256",
              },
            },
          ],
        },
        "BucketName": "clois-assets-123456789012-us-east-1",
        "LifecycleConfiguration": {
          "Rules": [
            {
              "ExpirationInDays": 1095,
              "Id": "reports-retention-3-years",
              "Prefix": "reports/",
              "Status": "Enabled",
              "Transitions": [
                {
                  "StorageClass": "STANDARD_IA",
                  "TransitionInDays": 90,
                },
                {
                  "StorageClass": "GLACIER",
                  "TransitionInDays": 365,
                },
              ],
            },
            {
              "Id": "qr-codes-ia-transition",
              "Prefix": "qr-codes/",
              "Status": "Enabled",
              "Transitions": [
                {
                  "StorageClass": "STANDARD_IA",
                  "TransitionInDays": 30,
                },
              ],
            },
            {
              "ExpirationInDays": 365,
              "Id": "exports-expiry-1-year",
              "Prefix": "exports/",
              "Status": "Enabled",
              "Transitions": [
                {
                  "StorageClass": "STANDARD_IA",
                  "TransitionInDays": 30,
                },
              ],
            },
            {
              "ExpirationInDays": 365,
              "Id": "data-exports-expiry-1-year",
              "Prefix": "data-exports/",
              "Status": "Enabled",
              "Transitions": [
                {
                  "StorageClass": "STANDARD_IA",
                  "TransitionInDays": 30,
                },
              ],
            },
          ],
        },
        "PublicAccessBlockConfiguration": {
          "BlockPublicAcls": true,
          "BlockPublicPolicy": true,
          "IgnorePublicAcls": true,
          "RestrictPublicBuckets": true,
        },
      },
      "Type": "AWS::S3::Bucket",
      "UpdateReplacePolicy": "Retain",
    },
    "FrontendBucketEFE2E19C": {
      "DeletionPolicy": "Retain",
      "Properties": {
        "BucketEncryption": {
          "ServerSideEncryptionConfiguration": [
            {
              "ServerSideEncryptionByDefault": {
                "SSEAlgorithm": "AES256",
              },
            },
          ],
        },
        "BucketName": "clois-frontend-123456789012-us-east-1",
        "PublicAccessBlockConfiguration": {
          "BlockPublicAcls": true,
          "BlockPublicPolicy": true,
          "IgnorePublicAcls": true,
          "RestrictPublicBuckets": true,
        },
      },
      "Type": "AWS::S3::Bucket",
      "UpdateReplacePolicy": "Retain",
    },
  },
  "Rules": {
    "CheckBootstrapVersion": {
      "Assertions": [
        {
          "Assert": {
            "Fn::Not": [
              {
                "Fn::Contains": [
                  [
                    "1",
                    "2",
                    "3",
                    "4",
                    "5",
                  ],
                  {
                    "Ref": "BootstrapVersion",
                  },
                ],
              },
            ],
          },
          "AssertDescription": "CDK bootstrap stack version 6 required. Please run 'cdk bootstrap' with a recent version of the CDK CLI.",
        },
      ],
    },
  },
}
`;
